// Jest Snapshot v1, https://goo.gl/fbAQLP

exports[`it correctly renders the FS toggle 1`] = `
<ToggleTooltip
  title="Italic"
>
  <Styled(ForwardRef(ToggleButtonGroup))
    aria-label="code snippet"
    exclusive={true}
    onChange={[Function]}
    size="small"
    value={false}
  >
    <ForwardRef(ToggleButton)
      aria-label="left aligned"
      value={true}
    >
      <Memo(ForwardRef(FormatItalicIcon)) />
    </ForwardRef(ToggleButton)>
  </Styled(ForwardRef(ToggleButtonGroup))>
</ToggleTooltip>
`;

exports[`it correctly renders the Italic toggle 1`] = `
<ToggleTooltip
  title="Italic"
>
  <Styled(ForwardRef(ToggleButtonGroup))
    aria-label="code snippet"
    exclusive={true}
    onChange={[Function]}
    size="small"
    value={false}
  >
    <ForwardRef(ToggleButton)
      aria-label="left aligned"
      value={true}
    >
      <Memo(ForwardRef(FormatItalicIcon)) />
    </ForwardRef(ToggleButton)>
  </Styled(ForwardRef(ToggleButtonGroup))>
</ToggleTooltip>
`;
